// Jest Snapshot v1, https://goo.gl/fbAQLP

exports[`Container [App] - sagas loginUser Saga should dispatch loginSuccess action if the token is recieved and stored successfully 1`] = `
Object {
  "@@redux-saga/IO": true,
  "SELECT": Object {
    "args": Array [],
    "selector": [Function],
  },
}
`;
